ftp> open estradad.es
Conectado a estradad.es.
220 Acceso restringido a personal autorizado, su conexion ha sido registrada. Si Vd. no ha sido autorizado expresamente para la utilizacion de este equipo desconecte ahora.
200 UTF8 set to on
ftp> user estradad.es 4_wU7on34
331 Password required for estradad.es
230 User estradad.es logged in
ftp> binary
200 Type set to I
ftp> prompt off
Modo interactivo Desactivado .
ftp> mkdir teorias
257 "/teorias" - Directory successfully created
ftp> mkdir teorias/pdf
257 "/teorias/pdf" - Directory successfully created
ftp> mkdir teorias/pdf/Einstein-VED
257 "/teorias/pdf/Einstein-VED" - Directory successfully created
ftp> mkdir teorias/pdf/Einstein-VED/md
257 "/teorias/pdf/Einstein-VED/md" - Directory successfully created
ftp> mkdir teorias/pdf/Einstein-VED/img
257 "/teorias/pdf/Einstein-VED/img" - Directory successfully created
ftp> cd teorias/pdf/Einstein-VED
250 CWD command successful
ftp> put "C:\Users\vedq\Desktop\desarrollo\SRC-VED\Einstein-VED\aval.pdf"
200 PORT command successful
150 Opening BINARY mode data connection for aval.pdf
226 Transfer complete
ftp: 584706 bytes enviados en 0.53segundos 1107.40a KB/s.
ftp> cd teorias/pdf/Einstein-VED/md
550 teorias/pdf/Einstein-VED/md: No such file or directory
ftp> put "C:\Users\vedq\Desktop\desarrollo\SRC-VED\Einstein-VED\aval.md"
200 PORT command successful
150 Opening BINARY mode data connection for aval.md
226 Transfer complete
ftp: 2484 bytes enviados en 0.02segundos 146.12a KB/s.
ftp> cd teorias/pdf/Einstein-VED/img
550 teorias/pdf/Einstein-VED/img: No such file or directory
ftp> put "C:\Users\vedq\Desktop\desarrollo\SRC-VED\Einstein-VED\figura_1_proton.png"
200 PORT command successful
150 Opening BINARY mode data connection for figura_1_proton.png
226 Transfer complete
ftp: 348904 bytes enviados en 0.15segundos 2357.46a KB/s.
ftp> put "C:\Users\vedq\Desktop\desarrollo\SRC-VED\Einstein-VED\figura_2_proton.png"
200 PORT command successful
150 Opening BINARY mode data connection for figura_2_proton.png
226 Transfer complete
ftp: 113262 bytes enviados en 0.08segundos 1348.36a KB/s.
ftp> put "C:\Users\vedq\Desktop\desarrollo\SRC-VED\Einstein-VED\figura_3_G_diana_3sigma.png"
200 PORT command successful
150 Opening BINARY mode data connection for figura_3_G_diana_3sigma.png
226 Transfer complete
ftp: 89708 bytes enviados en 0.08segundos 1180.37a KB/s.
ftp> put "C:\Users\vedq\Desktop\desarrollo\SRC-VED\Einstein-VED\figura_4_G_diana_4sigma.png"
200 PORT command successful
150 Opening BINARY mode data connection for figura_4_G_diana_4sigma.png
226 Transfer complete
ftp: 86328 bytes enviados en 0.13segundos 679.75a KB/s.
ftp> put "C:\Users\vedq\Desktop\desarrollo\SRC-VED\Einstein-VED\figura_5_G_asintotica_log.png"
200 PORT command successful
150 Opening BINARY mode data connection for figura_5_G_asintotica_log.png
226 Transfer complete
ftp: 331725 bytes enviados en 0.17segundos 1906.47a KB/s.
ftp> put "C:\Users\vedq\Desktop\desarrollo\SRC-VED\Einstein-VED\Figura_6_tabla_n2.png"
200 PORT command successful
150 Opening BINARY mode data connection for Figura_6_tabla_n2.png
226 Transfer complete
ftp: 163756 bytes enviados en 0.17segundos 957.64a KB/s.
ftp> put "C:\Users\vedq\Desktop\desarrollo\SRC-VED\Einstein-VED\figura_7_materia_holograma.png"
200 PORT command successful
150 Opening BINARY mode data connection for figura_7_materia_holograma.png
226 Transfer complete
ftp: 469641 bytes enviados en 0.20segundos 2360.01a KB/s.
ftp> put "C:\Users\vedq\Desktop\desarrollo\SRC-VED\Einstein-VED\figura_8_proton_electron.png"
200 PORT command successful
150 Opening BINARY mode data connection for figura_8_proton_electron.png
226 Transfer complete
ftp: 661172 bytes enviados en 0.24segundos 2698.66a KB/s.
ftp> put "C:\Users\vedq\Desktop\desarrollo\SRC-VED\Einstein-VED\figura_9_tabla_conceptual.png"
200 PORT command successful
150 Opening BINARY mode data connection for figura_9_tabla_conceptual.png
226 Transfer complete
ftp: 248546 bytes enviados en 0.16segundos 1543.76a KB/s.
ftp> bye
221 Goodbye.
21/01/2026 18:26:47,57 - FIN FTP 
